﻿[36mvite v7.3.1 [32mbuilding client environment for production...[36m[39m
transforming...
node.exe : Error: Cannot apply unknown utility class `font-semibold`. Are you 
using CSS modules or similar and missing `@reference`? 
https://tailwindcss.com/docs/functions-and-directives#reference-directive
En C:\Program Files\nodejs\npx.ps1: 29 Carácter: 3
+   & $NODE_EXE $NPX_CLI_JS $args
+   ~~~~~~~~~~~~~~~~~~~~~~~~~~~~~
    + CategoryInfo          : NotSpecified: (Error: Cannot a...rence-directive 
   :String) [], RemoteException
    + FullyQualifiedErrorId : NativeCommandError
 
    at onInvalidCandidate (C:\Users\Baltasar\Documents\SSH 
TEST\rag_multimodal\frontend\node_modules\tailwindcss\dist\lib.js:21:1314)
    at Ee (C:\Users\Baltasar\Documents\SSH 
TEST\rag_multimodal\frontend\node_modules\tailwindcss\dist\lib.js:16:37066)
    at C:\Users\Baltasar\Documents\SSH 
TEST\rag_multimodal\frontend\node_modules\tailwindcss\dist\lib.js:21:355
    at Pr (C:\Users\Baltasar\Documents\SSH 
TEST\rag_multimodal\frontend\node_modules\tailwindcss\dist\lib.js:3:1733)
    at _ (C:\Users\Baltasar\Documents\SSH 
TEST\rag_multimodal\frontend\node_modules\tailwindcss\dist\lib.js:3:1377)
    at Te (C:\Users\Baltasar\Documents\SSH 
TEST\rag_multimodal\frontend\node_modules\tailwindcss\dist\lib.js:21:172)
    at pn (C:\Users\Baltasar\Documents\SSH 
TEST\rag_multimodal\frontend\node_modules\tailwindcss\dist\lib.js:38:294)
    at async dn (C:\Users\Baltasar\Documents\SSH 
TEST\rag_multimodal\frontend\node_modules\tailwindcss\dist\lib.js:38:631)
    at async Xr (C:\Users\Baltasar\Documents\SSH TEST\rag_multimodal\frontend\n
ode_modules\@tailwindcss\node\dist\index.js:10:3417)
    at async N (C:\Users\Baltasar\Documents\SSH TEST\rag_multimodal\frontend\no
de_modules\@tailwindcss\postcss\dist\index.js:10:3979)
[32mÔ£ô[39m 116 modules transformed.
[31mÔ£ù[39m Build failed in 373ms
[31merror during build:
[31m[vite:css] [postcss] tailwindcss: C:/Users/Baltasar/Documents/SSH 
TEST/rag_multimodal/frontend/src/style.css:1:1: Cannot apply unknown utility 
class `font-semibold`. Are you using CSS modules or similar and missing 
`@reference`? 
https://tailwindcss.com/docs/functions-and-directives#reference-directive[31m
file: [36mC:/Users/Baltasar/Documents/SSH 
TEST/rag_multimodal/frontend/src/style.css:1:0[31m
    at Input.error (C:\Users\Baltasar\Documents\SSH 
TEST\rag_multimodal\frontend\node_modules\postcss\lib\input.js:135:16)
    at Root.error (C:\Users\Baltasar\Documents\SSH 
TEST\rag_multimodal\frontend\node_modules\postcss\lib\node.js:146:32)
    at Object.Once (C:\Users\Baltasar\Documents\SSH TEST\rag_multimodal\fronten
d\node_modules\@tailwindcss\postcss\dist\index.js:10:6913)
    at async LazyResult.runAsync (C:\Users\Baltasar\Documents\SSH 
TEST\rag_multimodal\frontend\node_modules\postcss\lib\lazy-result.js:293:11)
    at async runPostCSS (file:///C:/Users/Baltasar/Documents/SSH%20TEST/rag_mul
timodal/frontend/node_modules/vite/dist/node/chunks/config.js:30145:19)
    at async compilePostCSS (file:///C:/Users/Baltasar/Documents/SSH%20TEST/rag
_multimodal/frontend/node_modules/vite/dist/node/chunks/config.js:30129:6)
    at async compileCSS (file:///C:/Users/Baltasar/Documents/SSH%20TEST/rag_mul
timodal/frontend/node_modules/vite/dist/node/chunks/config.js:30059:26)
    at async Object.handler (file:///C:/Users/Baltasar/Documents/SSH%20TEST/rag
_multimodal/frontend/node_modules/vite/dist/node/chunks/config.js:29592:54)
    at async transform (file:///C:/Users/Baltasar/Documents/SSH%20TEST/rag_mult
imodal/frontend/node_modules/rollup/dist/es/shared/node-entry.js:21269:16)
    at async ModuleLoader.addModuleSource (file:///C:/Users/Baltasar/Documents/
SSH%20TEST/rag_multimodal/frontend/node_modules/rollup/dist/es/shared/node-entr
y.js:21497:36)[39m
